Report Physical info: 
------------------------+-------------+-----------+------------
                        |             |Area (squm)|Leakage (uW)
------------------------+-------------+-----------+------------
Design Name             |HAS2         |           |            
  Total Instances       |           43|         68|       1.329
    Macros              |            0|          0|       0.000
    Pads                |            0|          0|       0.000
    Phys                |            0|          0|       0.000
    Blackboxes          |            0|          0|       0.000
    Cells               |           43|         68|       1.329
      Buffers           |            0|          0|       0.000
      Inverters         |            4|          2|       0.057
      Clock-Gates       |            0|          0|       0.000
      Combinational     |           27|         28|       0.667
      Latches           |            9|         24|       0.368
      FlipFlops         |            3|         14|       0.237
       Single-Bit FF    |            3|         14|       0.237
       Multi-Bit FF     |            0|          0|       0.000
       Clock-Gated      |            0|           |            
       Bits             |            3|         14|       0.237
         Load-Enabled   |            0|           |            
         Clock-Gated    |            0|           |            
  Tristate Pin Count    |            0|           |            
Physical Info           |Placed       |           |            
  Chip Size (mm x mm)   |0.071 x 0.071|       4986|            
  Fixed Cell Area       |             |          0|            
    Phys Only           |            0|          0|            
  Placeable Area        |             |        102|            
  Movable Cell Area     |             |         68|            
  Utilization (%)       |           65|           |            
  Chip Utilization (%)  |           65|           |            
  Total Wire Length (mm)|        0.782|           |            
  Longest Wire (mm)     |        0.036|           |            
  Average Wire (mm)     |        0.036|           |            
------------------------+-------------+-----------+------------
