Report End Points: 
-----+-------+------+-------+------+-----+-----+------+-------------------+-------------------
     |Group  |Launch|Capture|Shift |Delay|Depth|Slack |Begin Point        |End Point          
-----+-------+------+-------+------+-----+-----+------+-------------------+-------------------
1    |default|sysclk|sysclk |1500.0| 96.6|    2|1218.5|curr_state_reg[0]/Q|curr_state_reg[2]/D
2    |default|sysclk|sysclk |1500.0| 88.0|    3|1230.1|curr_state_reg[1]/Q|curr_state_reg[0]/D
3    |default|sysclk|sysclk |1500.0|105.5|    3|1240.1|curr_state_reg[0]/Q|curr_state_reg[1]/D
-----+-------+------+-------+------+-----+-----+------+-------------------+-------------------
Report End Points: 
-----+-----+--------------+-------+------+-----+-----+-----+-----------+-------------------
     |Group|Launch        |Capture|Shift |Delay|Depth|Slack|Begin Point|End Point          
-----+-----+--------------+-------+------+-----+-----+-----+-----------+-------------------
1    |I2R  |rtDefaultClock|sysclk |1500.0| 90.5|    1|670.9|rst        |curr_state_reg[1]/D
2    |I2R  |rtDefaultClock|sysclk |1500.0| 79.7|    1|681.5|rst        |curr_state_reg[2]/D
3    |I2R  |rtDefaultClock|sysclk |1500.0| 48.7|    1|718.9|rst        |curr_state_reg[0]/D
-----+-----+--------------+-------+------+-----+-----+-----+-----------+-------------------
Report End Points: 
-----+-----+------+-------+-----+-----+-----+-----+-----------+---------
     |Group|Launch|Capture|Shift|Delay|Depth|Slack|Begin Point|End Point
-----+-----+------+-------+-----+-----+-----+-----+-----------+---------
1    |I2O  |      |       |     |     |     |     |           |         
-----+-----+------+-------+-----+-----+-----+-----+-----------+---------
Report End Points: 
-----+-----+------+-------+-----+-----+-----+-----+-----------+---------
     |Group|Launch|Capture|Shift|Delay|Depth|Slack|Begin Point|End Point
-----+-----+------+-------+-----+-----+-----+-----+-----------+---------
1    |R2O  |      |       |     |     |     |     |           |         
-----+-----+------+-------+-----+-----+-----+-----+-----------+---------
