Report End Points: 
-----+-------+------+-------+-----+-----+-----+-----+-----------+---------
     |Group  |Launch|Capture|Shift|Delay|Depth|Slack|Begin Point|End Point
-----+-------+------+-------+-----+-----+-----+-----+-----------+---------
1    |default|      |       |     |     |     |     |           |         
-----+-------+------+-------+-----+-----+-----+-----+-----------+---------
Report End Points: 
-----+-----+------+-------+-----+-----+-----+-----+-----------+---------
     |Group|Launch|Capture|Shift|Delay|Depth|Slack|Begin Point|End Point
-----+-----+------+-------+-----+-----+-----+-----+-----------+---------
1    |I2R  |      |       |     |     |     |     |           |         
-----+-----+------+-------+-----+-----+-----+-----+-----------+---------
Report End Points: 
-----+-----+--------------+-------+-------+-----+-----+-------+-----------+------------
     |Group|Launch        |Capture|Shift  |Delay|Depth|Slack  |Begin Point|End Point   
-----+-----+--------------+-------+-------+-----+-----+-------+-----------+------------
1    |I2O  |rtDefaultClock|vsysclk|60000.0| 82.3|   29|41217.7|i_add1[1]  |o_result[15]
2    |I2O  |rtDefaultClock|vsysclk|60000.0| 80.4|   30|41219.6|i_add1[1]  |o_result[16]
3    |I2O  |rtDefaultClock|vsysclk|60000.0| 80.3|   28|41219.7|i_add1[1]  |o_result[14]
-----+-----+--------------+-------+-------+-----+-----+-------+-----------+------------
Report End Points: 
-----+-----+------+-------+-----+-----+-----+-----+-----------+---------
     |Group|Launch|Capture|Shift|Delay|Depth|Slack|Begin Point|End Point
-----+-----+------+-------+-----+-----+-----+-----+-----------+---------
1    |R2O  |      |       |     |     |     |     |           |         
-----+-----+------+-------+-----+-----+-----+-----+-----------+---------
