Report for group default
Report for group I2R
Report for group I2O
------------------------------------------------------------------------------------------------------------------------------------------------------------
Startpoint: i_add1[1]
    (Clocked by rtDefaultClock R)
Endpoint: o_result[15]
    (Clocked by vsysclk R)
Path Group: I2O
Data required time: 42000.0
    (Clock shift: 60000.0, minus Uncertainty: 0.0, plus Latency 0.0, minus Out delay: 18000.0)
Data arrival time: 782.3
Slack: 41217.7
Logic depth: 29
------------------------------------------------------------------------------------------------------------------------------------------------------------
                                                     Arrival               Arc      Net               Net    Total   fan-                                   
Path                     Module/Cell           Edge     Time    Delay    Delay    Delay     Slew     Load     Load    out     Location Power Domain      (V)
                                                        (ps)     (ps)     (ps)     (ps)     (ps)     (ff)     (ff)    (#)      (um,um)                      
------------------------------------------------------------------------------------------------------------------------------------------------------------
i_add1[1]                {set_input_delay}        f    700.0    700.0    700.0                        4.7     16.8      3    36,   72                       
i_0_0_72/A2->ZN          NOR2_X4_LVT             fr    709.9      9.9      9.5      0.4    100.0      0.7      4.1      1    36,   36  /PD_TOP        (0.95)
i_0_0_71/B1->ZN          OAI21_X4_LVT            rf    711.8      1.9      1.9      0.0      1.5      1.4      8.1      2    36,   36  /PD_TOP        (0.95)
i_0_0_70/A->ZN           AOI21_X4_LVT            fr    718.7      6.9      6.9      0.0      1.5      0.6     24.4      1    36,   36  /PD_TOP        (0.95)
i_0_0_69/A->ZN           INV_X8_LVT              rf    719.6      0.9      0.9      0.0      4.6      0.6      4.3      1    36,   36  /PD_TOP        (0.95)
i_0_0_68/A->ZN           OAI21_X4_LVT            fr    721.7      2.1      2.1      0.0      0.3      1.4      7.8      2    36,   36  /PD_TOP        (0.95)
i_0_0_65/B1->ZN          OAI21_X4_LVT            rf    723.7      2.0      2.0      0.0      2.3      1.4      8.1      2    36,   36  /PD_TOP        (0.95)
i_0_0_62/A->ZN           OAI21_X4_LVT            fr    725.6      1.9      1.9      0.0      1.5      0.7      4.4      1    36,   36  /PD_TOP        (0.95)
i_0_0_61/A2->ZN          NAND2_X4_LVT            rf    727.7      2.1      2.1      0.0      1.9      1.3      8.1      2    36,   36  /PD_TOP        (0.95)
i_0_0_60/A->ZN           OAI21_X4_LVT            fr    729.6      1.9      1.9      0.0      1.1      0.7      4.4      1    36,   36  /PD_TOP        (0.95)
i_0_0_59/A2->ZN          NAND2_X4_LVT            rf    731.7      2.1      2.1      0.0      1.9      1.3      8.1      2    36,   36  /PD_TOP        (0.95)
i_0_0_58/A->ZN           OAI21_X4_LVT            fr    733.6      1.9      1.9      0.0      1.1      0.7      4.4      1    36,   36  /PD_TOP        (0.95)
i_0_0_57/A2->ZN          NAND2_X4_LVT            rf    735.7      2.1      2.1      0.0      1.9      1.3      8.1      2    36,   36  /PD_TOP        (0.95)
i_0_0_55/A->ZN           OAI21_X4_LVT            fr    737.6      1.9      1.9      0.0      1.1      0.7      4.4      1    36,   36  /PD_TOP        (0.95)
i_0_0_54/A2->ZN          NAND2_X4_LVT            rf    739.7      2.1      2.1      0.0      1.9      1.3      8.0      2    36,   36  /PD_TOP        (0.95)
i_0_0_53/A->ZN           AOI21_X4_LVT            fr    746.6      6.9      6.9      0.0      1.1      0.6     24.4      1    36,   36  /PD_TOP        (0.95)
i_0_0_52/A->ZN           INV_X8_LVT              rf    747.5      0.9      0.9      0.0      4.6      0.6      4.3      1    36,   36  /PD_TOP        (0.95)
i_0_0_51/A->ZN           OAI21_X4_LVT            fr    749.6      2.1      2.1      0.0      0.3      1.4      7.8      2    36,   36  /PD_TOP        (0.95)
i_0_0_47/B1->ZN          OAI21_X4_LVT            rf    751.6      2.0      2.0      0.0      2.3      1.4      8.1      2    36,   36  /PD_TOP        (0.95)
i_0_0_46/A->ZN           OAI21_X4_LVT            fr    753.5      1.9      1.9      0.0      1.5      0.7      4.4      1    36,   36  /PD_TOP        (0.95)
i_0_0_45/A2->ZN          NAND2_X4_LVT            rf    755.6      2.1      2.1      0.0      1.9      1.3      8.1      2    36,   36  /PD_TOP        (0.95)
i_0_0_44/A->ZN           OAI21_X4_LVT            fr    757.5      1.9      1.9      0.0      1.1      0.7      4.4      1    36,   36  /PD_TOP        (0.95)
i_0_0_43/A2->ZN          NAND2_X4_LVT            rf    759.6      2.1      2.1      0.0      1.9      1.3      8.1      2    36,   36  /PD_TOP        (0.95)
i_0_0_41/A->ZN           OAI21_X4_LVT            fr    761.5      1.9      1.9      0.0      1.1      0.7      4.4      1    36,   36  /PD_TOP        (0.95)
i_0_0_40/A2->ZN          NAND2_X4_LVT            rf    763.6      2.1      2.1      0.0      1.9      1.3      8.0      2    36,   36  /PD_TOP        (0.95)
i_0_0_39/A->ZN           AOI21_X4_LVT            fr    770.5      6.9      6.9      0.0      1.1      0.6     24.4      1    36,   36  /PD_TOP        (0.95)
i_0_0_38/A->ZN           INV_X8_LVT              rf    771.4      0.9      0.9      0.0      4.6      0.6      4.3      1    36,   36  /PD_TOP        (0.95)
i_0_0_37/A->ZN           OAI21_X4_LVT            fr    773.5      2.1      2.1      0.0      0.3      1.4      7.8      2    36,   36  /PD_TOP        (0.95)
i_0_0_33/B1->ZN          OAI21_X4_LVT            rf    775.5      2.0      2.0      0.0      2.3      1.4      8.1      2    36,   36  /PD_TOP        (0.95)
i_0_0_29/A->ZN           XNOR2_X2_LVT            ff    781.9      6.4      6.4      0.0      1.5      4.9     14.9      1    36,   36  /PD_TOP        (0.95)
o_result[15]                                      f    782.3      0.4               0.4      2.9                             33,    0                       
------------------------------------------------------------------------------------------------------------------------------------------------------------
Report for group R2O
