Report End Points: 
-----+-------+------+-------+-----+-----+-----+-----+-----------+---------
     |Group  |Launch|Capture|Shift|Delay|Depth|Slack|Begin Point|End Point
-----+-------+------+-------+-----+-----+-----+-----+-----------+---------
1    |default|      |       |     |     |     |     |           |         
-----+-------+------+-------+-----+-----+-----+-----+-----------+---------
Report End Points: 
-----+-----+------+-------+-----+-----+-----+-----+-----------+---------
     |Group|Launch|Capture|Shift|Delay|Depth|Slack|Begin Point|End Point
-----+-----+------+-------+-----+-----+-----+-----+-----------+---------
1    |I2R  |      |       |     |     |     |     |           |         
-----+-----+------+-------+-----+-----+-----+-----+-----------+---------
Report End Points: 
-----+-----+--------------+-------+------+-----+-----+------+-----------+---------
     |Group|Launch        |Capture|Shift |Delay|Depth|Slack |Begin Point|End Point
-----+-----+--------------+-------+------+-----+-----+------+-----------+---------
1    |I2O  |rtDefaultClock|vsysclk|1000.0|134.9|    1|-134.9|sfa        |winbuzz  
2    |I2O  |rtDefaultClock|vsysclk|1000.0|133.4|    4|-133.4|st[2]      |heater   
3    |I2O  |rtDefaultClock|vsysclk|1000.0|131.6|    3|-131.6|sfa        |cooler   
-----+-----+--------------+-------+------+-----+-----+------+-----------+---------
Report End Points: 
-----+-----+------+-------+-----+-----+-----+-----+--------------+----------
     |Group|Launch|Capture|Shift|Delay|Depth|Slack|Begin Point   |End Point 
-----+-----+------+-------+-----+-----+-----+-----+--------------+----------
1    |R2O  |sysclk|vsysclk|500.0|143.3|    6|-88.2|state_reg[1]/Q|display[1]
2    |R2O  |sysclk|vsysclk|500.0|136.9|    7|-87.4|state_reg[2]/Q|display[0]
3    |R2O  |sysclk|vsysclk|500.0|125.8|    7|-83.0|state_reg[0]/Q|display[2]
-----+-----+------+-------+-----+-----+-----+-----+--------------+----------
