Report for group default
Report for group I2R
Report for group I2O
------------------------------------------------------------------------------------------------------------------------------------------------------------
Startpoint: sfa
    (Clocked by rtDefaultClock R)
Endpoint: winbuzz
    (Clocked by vsysclk R)
Path Group: I2O
Data required time: 700.0
    (Clock shift: 1000.0, minus Uncertainty: 0.0, plus Latency 0.0, minus Out delay: 300.0)
Data arrival time: 834.9
Slack: -134.9
Logic depth: 1
------------------------------------------------------------------------------------------------------------------------------------------------------------
                                                     Arrival               Arc      Net               Net    Total   fan-                                   
Path                     Module/Cell           Edge     Time    Delay    Delay    Delay     Slew     Load     Load    out     Location Power Domain      (V)
                                                        (ps)     (ps)     (ps)     (ps)     (ps)     (ff)     (ff)    (#)      (um,um)                      
------------------------------------------------------------------------------------------------------------------------------------------------------------
sfa                      {set_input_delay}        f    700.0    700.0    700.0                        4.8     97.9      7    38,    0                       
i_0_6_1/A4->ZN           NOR4_X4                 fr    834.5    134.5    134.1      0.4    100.0      4.9     14.9      1    37,   37  /PD_TOP        (1.10)
winbuzz                                           r    834.9      0.4               0.4     68.5                             38,    0                       
------------------------------------------------------------------------------------------------------------------------------------------------------------
Report for group R2O
------------------------------------------------------------------------------------------------------------------------------------------------------------
Startpoint: state_reg[1]/Q
    (Clocked by sysclk R)
Endpoint: display[1]
    (Clocked by vsysclk R)
Path Group: R2O
Data required time: 200.0
    (Clock shift: 500.0, minus Uncertainty: 0.0, plus Latency 0.0, minus Out delay: 300.0)
Data arrival time: 288.2
Slack: -88.2
Logic depth: 6
------------------------------------------------------------------------------------------------------------------------------------------------------------
                                                     Arrival               Arc      Net               Net    Total   fan-                                   
Path                     Module/Cell           Edge     Time    Delay    Delay    Delay     Slew     Load     Load    out     Location Power Domain      (V)
                                                        (ps)     (ps)     (ps)     (ps)     (ps)     (ff)     (ff)    (#)      (um,um)                      
------------------------------------------------------------------------------------------------------------------------------------------------------------
clk                      {create_clock}           r      0.0      0.0      0.0                        0.0      0.0      3    37,    0                       
state_reg[1]/CK->Q       DFF_X2#*                rr    144.9    144.9    144.9      0.0      0.0      2.5     39.7      4    37,   37  /PD_TOP        (1.10)
i_0_0_104/A->ZN          INV_X32                 rf    156.2     11.3     11.3      0.0     15.3      2.5     61.3      4    37,   37  /PD_TOP        (1.10)
i_0_0_66/A->ZN           AOI21_X4                fr    194.2     38.0     38.0      0.0      5.4      0.7      4.8      1    37,   37  /PD_TOP        (1.10)
i_0_0_36/A2->ZN          NOR2_X4                 rf    207.1     12.9     12.9      0.0     22.2      0.6      4.8      1    37,   37  /PD_TOP        (1.10)
i_0_0_15/A2->ZN          NOR2_X4                 fr    233.7     26.6     26.6      0.0      5.7      0.6      4.4      1    37,   37  /PD_TOP        (1.10)
i_0_0_39/A1->ZN          NAND2_X4                rf    248.2     14.5     14.5      0.0     15.5      0.7      4.7      1    37,   37  /PD_TOP        (1.10)
i_0_0_67/B1->ZN          OAI21_X4                fr    287.8     39.6     39.6      0.0      7.1      4.9     14.9      1    37,   37  /PD_TOP        (1.10)
display[1]                                        r    288.2      0.4               0.4     30.7                              0,   36                       
------------------------------------------------------------------------------------------------------------------------------------------------------------
