Report End Points: 
-----+-------+------+-------+-----+-----+-----+-----+-----------+---------
     |Group  |Launch|Capture|Shift|Delay|Depth|Slack|Begin Point|End Point
-----+-------+------+-------+-----+-----+-----+-----+-----------+---------
1    |default|      |       |     |     |     |     |           |         
-----+-------+------+-------+-----+-----+-----+-----+-----------+---------
Report End Points: 
-----+-----+------+-------+-----+-----+-----+-----+-----------+---------
     |Group|Launch|Capture|Shift|Delay|Depth|Slack|Begin Point|End Point
-----+-----+------+-------+-----+-----+-----+-----+-----------+---------
1    |I2R  |      |       |     |     |     |     |           |         
-----+-----+------+-------+-----+-----+-----+-----+-----------+---------
Report End Points: 
-----+-----+--------------+-------+-------+-----+-----+-------+-----------+----------
     |Group|Launch        |Capture|Shift  |Delay|Depth|Slack  |Begin Point|End Point 
-----+-----+--------------+-------+-------+-----+-----+-------+-----------+----------
1    |I2O  |rtDefaultClock|vsysclk|60000.0| 37.0|    7|41263.0|st[3]      |display[1]
2    |I2O  |rtDefaultClock|vsysclk|60000.0| 36.3|    6|41263.7|st[3]      |display[0]
3    |I2O  |rtDefaultClock|vsysclk|60000.0| 31.0|    5|41269.0|st[3]      |display[2]
-----+-----+--------------+-------+-------+-----+-----+-------+-----------+----------
Report End Points: 
-----+-----+------+-------+-----+-----+-----+-----+-----------+---------
     |Group|Launch|Capture|Shift|Delay|Depth|Slack|Begin Point|End Point
-----+-----+------+-------+-----+-----+-----+-----+-----------+---------
1    |R2O  |      |       |     |     |     |     |           |         
-----+-----+------+-------+-----+-----+-----+-----+-----------+---------
